// Jest Snapshot v1, https://goo.gl/fbAQLP

exports[`checkTN_TSVDataRow() should succeed 1`] = `undefined`;
